TLC2 Version 2.19 of 08 August 2024 (rev: 5a47802)
Running breadth-first search Model-Checking with fp 103 and seed -2238292759447254276 with 12 workers on 12 cores with 3454MB heap and 64MB offheap memory [pid: 15137] (Linux 5.15.167.4-microsoft-standard-WSL2 amd64, Eclipse Adoptium 21.0.12.1 x86_64, MSBDiskFPSet, DiskStateQueue).
Parsing file /home/raaj2045/pqc-migration/formal/LockAndMintReplay.tla
Parsing file /tmp/Integers.tla
Parsing file /tmp/FiniteSets.tla
Parsing file /tmp/Sequences.tla
Parsing file /tmp/TLC.tla
Parsing file /tmp/Naturals.tla
Semantic processing of module Naturals
Semantic processing of module Integers
Semantic processing of module Sequences
Semantic processing of module FiniteSets
Semantic processing of module TLC
Semantic processing of module LockAndMintReplay
Starting... (2026-08-24 08:20:33)
Computing initial states...
Finished computing initial states: 1 distinct state generated at 2026-08-24 08:20:33.
Model checking completed. No error has been found.
  Estimates of the probability that TLC did not check all reachable states
  because two distinct states had the same fingerprint:
  calculated (optimistic):  val = 4.5E-9
  based on the actual fingerprints:  val = 1.3E-10
1101969 states generated, 81277 distinct states found, 0 states left on queue.
The depth of the complete state graph search is 5.
The average outdegree of the complete state graph is 1 (minimum is 0, the maximum 24 and the 95th percentile is 11).
Finished in 01s at (2026-08-24 08:20:34)

real	0m1.724s
user	0m9.027s
sys	0m1.060s
